TimeQuest Timing Analyzer report for uart
Fri Sep 22 11:54:05 2017
Quartus II 32-bit Version 12.0 Build 178 05/31/2012 SJ Full Version


---------------------
; Table of Contents ;
---------------------
  1. Legal Notice
  2. TimeQuest Timing Analyzer Summary
  3. Clocks
  4. Fmax Summary
  5. Setup Summary
  6. Hold Summary
  7. Recovery Summary
  8. Removal Summary
  9. Minimum Pulse Width Summary
 10. Setup: 'clock'
 11. Hold: 'clock'
 12. Recovery: 'clock'
 13. Removal: 'clock'
 14. Minimum Pulse Width: 'clock'
 15. Clock to Output Times
 16. Minimum Clock to Output Times
 17. Setup Transfers
 18. Hold Transfers
 19. Recovery Transfers
 20. Removal Transfers
 21. Report TCCS
 22. Report RSKM
 23. Unconstrained Paths
 24. TimeQuest Timing Analyzer Messages



----------------
; Legal Notice ;
----------------
Copyright (C) 1991-2012 Altera Corporation
Your use of Altera Corporation's design tools, logic functions 
and other software and tools, and its AMPP partner logic 
functions, and any output files from any of the foregoing 
(including device programming or simulation files), and any 
associated documentation or information are expressly subject 
to the terms and conditions of the Altera Program License 
Subscription Agreement, Altera MegaCore Function License 
Agreement, or other applicable license agreement, including, 
without limitation, that your use is for the sole purpose of 
programming logic devices manufactured by Altera and sold by 
Altera or its authorized distributors.  Please refer to the 
applicable agreement for further details.



+------------------------------------------------------------------------+
; TimeQuest Timing Analyzer Summary                                      ;
+--------------------+---------------------------------------------------+
; Quartus II Version ; Version 12.0 Build 178 05/31/2012 SJ Full Version ;
; Revision Name      ; uart                                              ;
; Device Family      ; Cyclone                                           ;
; Device Name        ; EP1C3T144C8                                       ;
; Timing Models      ; Final                                             ;
; Delay Model        ; Slow Model                                        ;
; Rise/Fall Delays   ; Unavailable                                       ;
+--------------------+---------------------------------------------------+


+-----------------------------------------------------------------------------------------------------------------------------------------------------------------------------------+
; Clocks                                                                                                                                                                            ;
+------------+------+--------+------------+-------+-------+------------+-----------+-------------+-------+--------+-----------+------------+----------+--------+--------+-----------+
; Clock Name ; Type ; Period ; Frequency  ; Rise  ; Fall  ; Duty Cycle ; Divide by ; Multiply by ; Phase ; Offset ; Edge List ; Edge Shift ; Inverted ; Master ; Source ; Targets   ;
+------------+------+--------+------------+-------+-------+------------+-----------+-------------+-------+--------+-----------+------------+----------+--------+--------+-----------+
; clock      ; Base ; 1.000  ; 1000.0 MHz ; 0.000 ; 0.500 ;            ;           ;             ;       ;        ;           ;            ;          ;        ;        ; { clock } ;
+------------+------+--------+------------+-------+-------+------------+-----------+-------------+-------+--------+-----------+------------+----------+--------+--------+-----------+


+--------------------------------------------------+
; Fmax Summary                                     ;
+------------+-----------------+------------+------+
; Fmax       ; Restricted Fmax ; Clock Name ; Note ;
+------------+-----------------+------------+------+
; 158.38 MHz ; 158.38 MHz      ; clock      ;      ;
+------------+-----------------+------------+------+
This panel reports FMAX for every clock in the design, regardless of the user-specified clock periods.  FMAX is only computed for paths where the source and destination registers or ports are driven by the same clock.  Paths of different clocks, including generated clocks, are ignored.  For paths between a clock and its inversion, FMAX is computed as if the rising and falling edges are scaled along with FMAX, such that the duty cycle (in terms of a percentage) is maintained. Altera recommends that you always use clock constraints and other slack reports for sign-off analysis.


+--------------------------------+
; Setup Summary                  ;
+-------+--------+---------------+
; Clock ; Slack  ; End Point TNS ;
+-------+--------+---------------+
; clock ; -5.314 ; -437.800      ;
+-------+--------+---------------+


+-------------------------------+
; Hold Summary                  ;
+-------+-------+---------------+
; Clock ; Slack ; End Point TNS ;
+-------+-------+---------------+
; clock ; 1.238 ; 0.000         ;
+-------+-------+---------------+


+--------------------------------+
; Recovery Summary               ;
+-------+--------+---------------+
; Clock ; Slack  ; End Point TNS ;
+-------+--------+---------------+
; clock ; -3.899 ; -292.425      ;
+-------+--------+---------------+


+-------------------------------+
; Removal Summary               ;
+-------+-------+---------------+
; Clock ; Slack ; End Point TNS ;
+-------+-------+---------------+
; clock ; 4.847 ; 0.000         ;
+-------+-------+---------------+


+--------------------------------+
; Minimum Pulse Width Summary    ;
+-------+--------+---------------+
; Clock ; Slack  ; End Point TNS ;
+-------+--------+---------------+
; clock ; -1.583 ; -288.907      ;
+-------+--------+---------------+


+----------------------------------------------------------------------------------------------------------+
; Setup: 'clock'                                                                                           ;
+--------+--------------+------------+--------------+-------------+--------------+------------+------------+
; Slack  ; From Node    ; To Node    ; Launch Clock ; Latch Clock ; Relationship ; Clock Skew ; Data Delay ;
+--------+--------------+------------+--------------+-------------+--------------+------------+------------+
; -5.314 ; baudrate[14] ; cursor[1]  ; clock        ; clock       ; 1.000        ; 0.000      ; 6.277      ;
; -5.314 ; baudrate[14] ; cursor[0]  ; clock        ; clock       ; 1.000        ; 0.000      ; 6.277      ;
; -5.304 ; baudrate[14] ; cursor[4]  ; clock        ; clock       ; 1.000        ; 0.000      ; 6.267      ;
; -5.303 ; baudrate[14] ; cursor[3]  ; clock        ; clock       ; 1.000        ; 0.000      ; 6.266      ;
; -5.303 ; baudrate[14] ; cursor[2]  ; clock        ; clock       ; 1.000        ; 0.000      ; 6.266      ;
; -5.303 ; baudrate[14] ; cursor[18] ; clock        ; clock       ; 1.000        ; 0.000      ; 6.266      ;
; -5.303 ; baudrate[14] ; cursor[17] ; clock        ; clock       ; 1.000        ; 0.000      ; 6.266      ;
; -5.303 ; baudrate[14] ; cursor[19] ; clock        ; clock       ; 1.000        ; 0.000      ; 6.266      ;
; -5.303 ; baudrate[14] ; cursor[6]  ; clock        ; clock       ; 1.000        ; 0.000      ; 6.266      ;
; -5.303 ; baudrate[14] ; cursor[7]  ; clock        ; clock       ; 1.000        ; 0.000      ; 6.266      ;
; -5.303 ; baudrate[14] ; cursor[5]  ; clock        ; clock       ; 1.000        ; 0.000      ; 6.266      ;
; -5.283 ; baudrate[14] ; cursor[22] ; clock        ; clock       ; 1.000        ; 0.000      ; 6.246      ;
; -5.283 ; baudrate[14] ; cursor[21] ; clock        ; clock       ; 1.000        ; 0.000      ; 6.246      ;
; -5.283 ; baudrate[14] ; cursor[20] ; clock        ; clock       ; 1.000        ; 0.000      ; 6.246      ;
; -5.283 ; baudrate[14] ; cursor[23] ; clock        ; clock       ; 1.000        ; 0.000      ; 6.246      ;
; -5.283 ; baudrate[14] ; cursor[16] ; clock        ; clock       ; 1.000        ; 0.000      ; 6.246      ;
; -5.281 ; baudrate[14] ; cursor[13] ; clock        ; clock       ; 1.000        ; 0.000      ; 6.244      ;
; -5.281 ; baudrate[14] ; cursor[12] ; clock        ; clock       ; 1.000        ; 0.000      ; 6.244      ;
; -5.281 ; baudrate[14] ; cursor[15] ; clock        ; clock       ; 1.000        ; 0.000      ; 6.244      ;
; -5.229 ; baudrate[8]  ; cursor[1]  ; clock        ; clock       ; 1.000        ; 0.000      ; 6.192      ;
; -5.229 ; baudrate[8]  ; cursor[0]  ; clock        ; clock       ; 1.000        ; 0.000      ; 6.192      ;
; -5.219 ; baudrate[8]  ; cursor[4]  ; clock        ; clock       ; 1.000        ; 0.000      ; 6.182      ;
; -5.218 ; baudrate[8]  ; cursor[3]  ; clock        ; clock       ; 1.000        ; 0.000      ; 6.181      ;
; -5.218 ; baudrate[8]  ; cursor[2]  ; clock        ; clock       ; 1.000        ; 0.000      ; 6.181      ;
; -5.218 ; baudrate[8]  ; cursor[18] ; clock        ; clock       ; 1.000        ; 0.000      ; 6.181      ;
; -5.218 ; baudrate[8]  ; cursor[17] ; clock        ; clock       ; 1.000        ; 0.000      ; 6.181      ;
; -5.218 ; baudrate[8]  ; cursor[19] ; clock        ; clock       ; 1.000        ; 0.000      ; 6.181      ;
; -5.218 ; baudrate[8]  ; cursor[6]  ; clock        ; clock       ; 1.000        ; 0.000      ; 6.181      ;
; -5.218 ; baudrate[8]  ; cursor[7]  ; clock        ; clock       ; 1.000        ; 0.000      ; 6.181      ;
; -5.218 ; baudrate[8]  ; cursor[5]  ; clock        ; clock       ; 1.000        ; 0.000      ; 6.181      ;
; -5.210 ; baudrate[7]  ; cursor[1]  ; clock        ; clock       ; 1.000        ; 0.000      ; 6.173      ;
; -5.210 ; baudrate[7]  ; cursor[0]  ; clock        ; clock       ; 1.000        ; 0.000      ; 6.173      ;
; -5.200 ; baudrate[7]  ; cursor[4]  ; clock        ; clock       ; 1.000        ; 0.000      ; 6.163      ;
; -5.199 ; baudrate[7]  ; cursor[3]  ; clock        ; clock       ; 1.000        ; 0.000      ; 6.162      ;
; -5.199 ; baudrate[7]  ; cursor[2]  ; clock        ; clock       ; 1.000        ; 0.000      ; 6.162      ;
; -5.199 ; baudrate[7]  ; cursor[18] ; clock        ; clock       ; 1.000        ; 0.000      ; 6.162      ;
; -5.199 ; baudrate[7]  ; cursor[17] ; clock        ; clock       ; 1.000        ; 0.000      ; 6.162      ;
; -5.199 ; baudrate[7]  ; cursor[19] ; clock        ; clock       ; 1.000        ; 0.000      ; 6.162      ;
; -5.199 ; baudrate[7]  ; cursor[6]  ; clock        ; clock       ; 1.000        ; 0.000      ; 6.162      ;
; -5.199 ; baudrate[7]  ; cursor[7]  ; clock        ; clock       ; 1.000        ; 0.000      ; 6.162      ;
; -5.199 ; baudrate[7]  ; cursor[5]  ; clock        ; clock       ; 1.000        ; 0.000      ; 6.162      ;
; -5.198 ; baudrate[8]  ; cursor[22] ; clock        ; clock       ; 1.000        ; 0.000      ; 6.161      ;
; -5.198 ; baudrate[8]  ; cursor[21] ; clock        ; clock       ; 1.000        ; 0.000      ; 6.161      ;
; -5.198 ; baudrate[8]  ; cursor[20] ; clock        ; clock       ; 1.000        ; 0.000      ; 6.161      ;
; -5.198 ; baudrate[8]  ; cursor[23] ; clock        ; clock       ; 1.000        ; 0.000      ; 6.161      ;
; -5.198 ; baudrate[8]  ; cursor[16] ; clock        ; clock       ; 1.000        ; 0.000      ; 6.161      ;
; -5.196 ; baudrate[8]  ; cursor[13] ; clock        ; clock       ; 1.000        ; 0.000      ; 6.159      ;
; -5.196 ; baudrate[8]  ; cursor[12] ; clock        ; clock       ; 1.000        ; 0.000      ; 6.159      ;
; -5.196 ; baudrate[8]  ; cursor[15] ; clock        ; clock       ; 1.000        ; 0.000      ; 6.159      ;
; -5.179 ; baudrate[7]  ; cursor[22] ; clock        ; clock       ; 1.000        ; 0.000      ; 6.142      ;
; -5.179 ; baudrate[7]  ; cursor[21] ; clock        ; clock       ; 1.000        ; 0.000      ; 6.142      ;
; -5.179 ; baudrate[7]  ; cursor[20] ; clock        ; clock       ; 1.000        ; 0.000      ; 6.142      ;
; -5.179 ; baudrate[7]  ; cursor[23] ; clock        ; clock       ; 1.000        ; 0.000      ; 6.142      ;
; -5.179 ; baudrate[7]  ; cursor[16] ; clock        ; clock       ; 1.000        ; 0.000      ; 6.142      ;
; -5.177 ; baudrate[7]  ; cursor[13] ; clock        ; clock       ; 1.000        ; 0.000      ; 6.140      ;
; -5.177 ; baudrate[7]  ; cursor[12] ; clock        ; clock       ; 1.000        ; 0.000      ; 6.140      ;
; -5.177 ; baudrate[7]  ; cursor[15] ; clock        ; clock       ; 1.000        ; 0.000      ; 6.140      ;
; -5.066 ; baudrate[9]  ; cursor[1]  ; clock        ; clock       ; 1.000        ; 0.000      ; 6.029      ;
; -5.066 ; baudrate[9]  ; cursor[0]  ; clock        ; clock       ; 1.000        ; 0.000      ; 6.029      ;
; -5.056 ; baudrate[9]  ; cursor[4]  ; clock        ; clock       ; 1.000        ; 0.000      ; 6.019      ;
; -5.055 ; baudrate[9]  ; cursor[3]  ; clock        ; clock       ; 1.000        ; 0.000      ; 6.018      ;
; -5.055 ; baudrate[9]  ; cursor[2]  ; clock        ; clock       ; 1.000        ; 0.000      ; 6.018      ;
; -5.055 ; baudrate[9]  ; cursor[18] ; clock        ; clock       ; 1.000        ; 0.000      ; 6.018      ;
; -5.055 ; baudrate[9]  ; cursor[17] ; clock        ; clock       ; 1.000        ; 0.000      ; 6.018      ;
; -5.055 ; baudrate[9]  ; cursor[19] ; clock        ; clock       ; 1.000        ; 0.000      ; 6.018      ;
; -5.055 ; baudrate[9]  ; cursor[6]  ; clock        ; clock       ; 1.000        ; 0.000      ; 6.018      ;
; -5.055 ; baudrate[9]  ; cursor[7]  ; clock        ; clock       ; 1.000        ; 0.000      ; 6.018      ;
; -5.055 ; baudrate[9]  ; cursor[5]  ; clock        ; clock       ; 1.000        ; 0.000      ; 6.018      ;
; -5.047 ; baudrate[5]  ; cursor[1]  ; clock        ; clock       ; 1.000        ; 0.000      ; 6.010      ;
; -5.047 ; baudrate[5]  ; cursor[0]  ; clock        ; clock       ; 1.000        ; 0.000      ; 6.010      ;
; -5.046 ; baudrate[15] ; cursor[1]  ; clock        ; clock       ; 1.000        ; 0.000      ; 6.009      ;
; -5.046 ; baudrate[15] ; cursor[0]  ; clock        ; clock       ; 1.000        ; 0.000      ; 6.009      ;
; -5.037 ; baudrate[5]  ; cursor[4]  ; clock        ; clock       ; 1.000        ; 0.000      ; 6.000      ;
; -5.036 ; baudrate[15] ; cursor[4]  ; clock        ; clock       ; 1.000        ; 0.000      ; 5.999      ;
; -5.036 ; baudrate[5]  ; cursor[3]  ; clock        ; clock       ; 1.000        ; 0.000      ; 5.999      ;
; -5.036 ; baudrate[5]  ; cursor[2]  ; clock        ; clock       ; 1.000        ; 0.000      ; 5.999      ;
; -5.036 ; baudrate[5]  ; cursor[18] ; clock        ; clock       ; 1.000        ; 0.000      ; 5.999      ;
; -5.036 ; baudrate[5]  ; cursor[17] ; clock        ; clock       ; 1.000        ; 0.000      ; 5.999      ;
; -5.036 ; baudrate[5]  ; cursor[19] ; clock        ; clock       ; 1.000        ; 0.000      ; 5.999      ;
; -5.036 ; baudrate[5]  ; cursor[6]  ; clock        ; clock       ; 1.000        ; 0.000      ; 5.999      ;
; -5.036 ; baudrate[5]  ; cursor[7]  ; clock        ; clock       ; 1.000        ; 0.000      ; 5.999      ;
; -5.036 ; baudrate[5]  ; cursor[5]  ; clock        ; clock       ; 1.000        ; 0.000      ; 5.999      ;
; -5.035 ; baudrate[15] ; cursor[3]  ; clock        ; clock       ; 1.000        ; 0.000      ; 5.998      ;
; -5.035 ; baudrate[15] ; cursor[2]  ; clock        ; clock       ; 1.000        ; 0.000      ; 5.998      ;
; -5.035 ; baudrate[15] ; cursor[18] ; clock        ; clock       ; 1.000        ; 0.000      ; 5.998      ;
; -5.035 ; baudrate[15] ; cursor[17] ; clock        ; clock       ; 1.000        ; 0.000      ; 5.998      ;
; -5.035 ; baudrate[15] ; cursor[19] ; clock        ; clock       ; 1.000        ; 0.000      ; 5.998      ;
; -5.035 ; baudrate[15] ; cursor[6]  ; clock        ; clock       ; 1.000        ; 0.000      ; 5.998      ;
; -5.035 ; baudrate[15] ; cursor[7]  ; clock        ; clock       ; 1.000        ; 0.000      ; 5.998      ;
; -5.035 ; baudrate[15] ; cursor[5]  ; clock        ; clock       ; 1.000        ; 0.000      ; 5.998      ;
; -5.035 ; baudrate[9]  ; cursor[22] ; clock        ; clock       ; 1.000        ; 0.000      ; 5.998      ;
; -5.035 ; baudrate[9]  ; cursor[21] ; clock        ; clock       ; 1.000        ; 0.000      ; 5.998      ;
; -5.035 ; baudrate[9]  ; cursor[20] ; clock        ; clock       ; 1.000        ; 0.000      ; 5.998      ;
; -5.035 ; baudrate[9]  ; cursor[23] ; clock        ; clock       ; 1.000        ; 0.000      ; 5.998      ;
; -5.035 ; baudrate[9]  ; cursor[16] ; clock        ; clock       ; 1.000        ; 0.000      ; 5.998      ;
; -5.033 ; baudrate[9]  ; cursor[13] ; clock        ; clock       ; 1.000        ; 0.000      ; 5.996      ;
; -5.033 ; baudrate[9]  ; cursor[12] ; clock        ; clock       ; 1.000        ; 0.000      ; 5.996      ;
; -5.033 ; baudrate[9]  ; cursor[15] ; clock        ; clock       ; 1.000        ; 0.000      ; 5.996      ;
; -5.028 ; baudrate[0]  ; cursor[1]  ; clock        ; clock       ; 1.000        ; 0.000      ; 5.991      ;
; -5.028 ; baudrate[0]  ; cursor[0]  ; clock        ; clock       ; 1.000        ; 0.000      ; 5.991      ;
+--------+--------------+------------+--------------+-------------+--------------+------------+------------+


+-----------------------------------------------------------------------------------------------------------+
; Hold: 'clock'                                                                                             ;
+-------+--------------+--------------+--------------+-------------+--------------+------------+------------+
; Slack ; From Node    ; To Node      ; Launch Clock ; Latch Clock ; Relationship ; Clock Skew ; Data Delay ;
+-------+--------------+--------------+--------------+-------------+--------------+------------+------------+
; 1.238 ; status.11    ; status.10    ; clock        ; clock       ; 0.000        ; 0.000      ; 1.253      ;
; 1.328 ; active       ; active       ; clock        ; clock       ; 0.000        ; 0.000      ; 1.343      ;
; 1.329 ; status.11    ; status.11    ; clock        ; clock       ; 0.000        ; 0.000      ; 1.344      ;
; 1.476 ; status.00    ; status.00    ; clock        ; clock       ; 0.000        ; 0.000      ; 1.491      ;
; 1.482 ; out          ; out          ; clock        ; clock       ; 0.000        ; 0.000      ; 1.497      ;
; 1.518 ; index[4]     ; index[3]     ; clock        ; clock       ; 0.000        ; 0.000      ; 1.533      ;
; 1.670 ; cursor[19]   ; cursor[3]    ; clock        ; clock       ; 0.000        ; 0.000      ; 1.685      ;
; 1.710 ; cursor[4]    ; cursor[4]    ; clock        ; clock       ; 0.000        ; 0.000      ; 1.725      ;
; 1.773 ; status.01    ; status.11    ; clock        ; clock       ; 0.000        ; 0.000      ; 1.788      ;
; 1.814 ; delay[15]    ; delay[10]    ; clock        ; clock       ; 0.000        ; 0.000      ; 1.829      ;
; 1.814 ; index[2]     ; index[3]     ; clock        ; clock       ; 0.000        ; 0.000      ; 1.829      ;
; 1.887 ; delay[3]     ; delay[3]     ; clock        ; clock       ; 0.000        ; 0.000      ; 1.902      ;
; 1.891 ; cursor[31]   ; cursor[31]   ; clock        ; clock       ; 0.000        ; 0.000      ; 1.906      ;
; 1.898 ; delay[30]    ; delay[30]    ; clock        ; clock       ; 0.000        ; 0.000      ; 1.913      ;
; 1.916 ; cursor[19]   ; cursor[2]    ; clock        ; clock       ; 0.000        ; 0.000      ; 1.931      ;
; 1.916 ; delay[28]    ; delay[28]    ; clock        ; clock       ; 0.000        ; 0.000      ; 1.931      ;
; 1.921 ; delay[2]     ; delay[2]     ; clock        ; clock       ; 0.000        ; 0.000      ; 1.936      ;
; 1.924 ; cursor[18]   ; cursor[3]    ; clock        ; clock       ; 0.000        ; 0.000      ; 1.939      ;
; 1.929 ; cursor[5]    ; cursor[3]    ; clock        ; clock       ; 0.000        ; 0.000      ; 1.944      ;
; 1.942 ; delay[1]     ; delay[1]     ; clock        ; clock       ; 0.000        ; 0.000      ; 1.957      ;
; 1.977 ; delay[27]    ; delay[27]    ; clock        ; clock       ; 0.000        ; 0.000      ; 1.992      ;
; 1.986 ; status.10    ; status.01    ; clock        ; clock       ; 0.000        ; 0.000      ; 2.001      ;
; 1.990 ; status.10    ; status.00    ; clock        ; clock       ; 0.000        ; 0.000      ; 2.005      ;
; 1.990 ; cursor[27]   ; cursor[27]   ; clock        ; clock       ; 0.000        ; 0.000      ; 2.005      ;
; 2.064 ; cursor[26]   ; cursor[26]   ; clock        ; clock       ; 0.000        ; 0.000      ; 2.079      ;
; 2.076 ; index[6]     ; index[3]     ; clock        ; clock       ; 0.000        ; 0.000      ; 2.091      ;
; 2.092 ; delay[12]    ; delay[10]    ; clock        ; clock       ; 0.000        ; 0.000      ; 2.107      ;
; 2.096 ; index[1]     ; index[3]     ; clock        ; clock       ; 0.000        ; 0.000      ; 2.111      ;
; 2.097 ; delay[23]    ; delay[18]    ; clock        ; clock       ; 0.000        ; 0.000      ; 2.112      ;
; 2.099 ; delay[11]    ; delay[10]    ; clock        ; clock       ; 0.000        ; 0.000      ; 2.114      ;
; 2.100 ; delay[23]    ; delay[17]    ; clock        ; clock       ; 0.000        ; 0.000      ; 2.115      ;
; 2.118 ; delay[15]    ; delay[9]     ; clock        ; clock       ; 0.000        ; 0.000      ; 2.133      ;
; 2.121 ; delay[15]    ; active       ; clock        ; clock       ; 0.000        ; 0.000      ; 2.136      ;
; 2.122 ; delay[15]    ; delay[12]    ; clock        ; clock       ; 0.000        ; 0.000      ; 2.137      ;
; 2.126 ; cursor[0]    ; status.00    ; clock        ; clock       ; 0.000        ; 0.000      ; 2.141      ;
; 2.138 ; cursor[3]    ; cursor[3]    ; clock        ; clock       ; 0.000        ; 0.000      ; 2.153      ;
; 2.138 ; cursor[3]    ; cursor[2]    ; clock        ; clock       ; 0.000        ; 0.000      ; 2.153      ;
; 2.163 ; delay[31]    ; delay[31]    ; clock        ; clock       ; 0.000        ; 0.000      ; 2.178      ;
; 2.170 ; cursor[18]   ; cursor[2]    ; clock        ; clock       ; 0.000        ; 0.000      ; 2.185      ;
; 2.175 ; cursor[5]    ; cursor[2]    ; clock        ; clock       ; 0.000        ; 0.000      ; 2.190      ;
; 2.207 ; baudrate[11] ; baudrate[11] ; clock        ; clock       ; 0.000        ; 0.000      ; 2.222      ;
; 2.210 ; index[6]     ; index[6]     ; clock        ; clock       ; 0.000        ; 0.000      ; 2.225      ;
; 2.213 ; delay[6]     ; delay[6]     ; clock        ; clock       ; 0.000        ; 0.000      ; 2.228      ;
; 2.222 ; cursor[16]   ; cursor[16]   ; clock        ; clock       ; 0.000        ; 0.000      ; 2.237      ;
; 2.224 ; delay[8]     ; delay[8]     ; clock        ; clock       ; 0.000        ; 0.000      ; 2.239      ;
; 2.244 ; delay[26]    ; delay[26]    ; clock        ; clock       ; 0.000        ; 0.000      ; 2.259      ;
; 2.314 ; delay[27]    ; delay[28]    ; clock        ; clock       ; 0.000        ; 0.000      ; 2.329      ;
; 2.324 ; index[4]     ; status.11    ; clock        ; clock       ; 0.000        ; 0.000      ; 2.339      ;
; 2.325 ; delay[2]     ; delay[3]     ; clock        ; clock       ; 0.000        ; 0.000      ; 2.340      ;
; 2.347 ; delay[21]    ; delay[18]    ; clock        ; clock       ; 0.000        ; 0.000      ; 2.362      ;
; 2.349 ; delay[23]    ; delay[22]    ; clock        ; clock       ; 0.000        ; 0.000      ; 2.364      ;
; 2.350 ; delay[21]    ; delay[17]    ; clock        ; clock       ; 0.000        ; 0.000      ; 2.365      ;
; 2.354 ; delay[0]     ; delay[0]     ; clock        ; clock       ; 0.000        ; 0.000      ; 2.369      ;
; 2.355 ; delay[23]    ; delay[19]    ; clock        ; clock       ; 0.000        ; 0.000      ; 2.370      ;
; 2.356 ; delay[23]    ; delay[21]    ; clock        ; clock       ; 0.000        ; 0.000      ; 2.371      ;
; 2.360 ; cursor[0]    ; status.01    ; clock        ; clock       ; 0.000        ; 0.000      ; 2.375      ;
; 2.364 ; cursor[22]   ; cursor[22]   ; clock        ; clock       ; 0.000        ; 0.000      ; 2.379      ;
; 2.366 ; baudrate[14] ; baudrate[14] ; clock        ; clock       ; 0.000        ; 0.000      ; 2.381      ;
; 2.370 ; baudrate[4]  ; baudrate[4]  ; clock        ; clock       ; 0.000        ; 0.000      ; 2.385      ;
; 2.371 ; cursor[21]   ; cursor[21]   ; clock        ; clock       ; 0.000        ; 0.000      ; 2.386      ;
; 2.373 ; baudrate[1]  ; baudrate[1]  ; clock        ; clock       ; 0.000        ; 0.000      ; 2.388      ;
; 2.375 ; delay[4]     ; delay[4]     ; clock        ; clock       ; 0.000        ; 0.000      ; 2.390      ;
; 2.378 ; baudrate[13] ; baudrate[13] ; clock        ; clock       ; 0.000        ; 0.000      ; 2.393      ;
; 2.380 ; cursor[29]   ; cursor[29]   ; clock        ; clock       ; 0.000        ; 0.000      ; 2.395      ;
; 2.381 ; index[0]     ; index[3]     ; clock        ; clock       ; 0.000        ; 0.000      ; 2.396      ;
; 2.386 ; delay[17]    ; delay[17]    ; clock        ; clock       ; 0.000        ; 0.000      ; 2.401      ;
; 2.391 ; delay[16]    ; delay[16]    ; clock        ; clock       ; 0.000        ; 0.000      ; 2.406      ;
; 2.393 ; delay[25]    ; delay[25]    ; clock        ; clock       ; 0.000        ; 0.000      ; 2.408      ;
; 2.393 ; cursor[28]   ; cursor[28]   ; clock        ; clock       ; 0.000        ; 0.000      ; 2.408      ;
; 2.394 ; delay[20]    ; delay[20]    ; clock        ; clock       ; 0.000        ; 0.000      ; 2.409      ;
; 2.396 ; delay[15]    ; delay[24]    ; clock        ; clock       ; 0.000        ; 0.000      ; 2.411      ;
; 2.396 ; delay[12]    ; delay[9]     ; clock        ; clock       ; 0.000        ; 0.000      ; 2.411      ;
; 2.397 ; baudrate[12] ; baudrate[12] ; clock        ; clock       ; 0.000        ; 0.000      ; 2.412      ;
; 2.397 ; index[5]     ; index[5]     ; clock        ; clock       ; 0.000        ; 0.000      ; 2.412      ;
; 2.397 ; cursor[6]    ; cursor[6]    ; clock        ; clock       ; 0.000        ; 0.000      ; 2.412      ;
; 2.399 ; delay[12]    ; active       ; clock        ; clock       ; 0.000        ; 0.000      ; 2.414      ;
; 2.400 ; delay[12]    ; delay[12]    ; clock        ; clock       ; 0.000        ; 0.000      ; 2.415      ;
; 2.403 ; delay[11]    ; delay[9]     ; clock        ; clock       ; 0.000        ; 0.000      ; 2.418      ;
; 2.404 ; delay[15]    ; delay[13]    ; clock        ; clock       ; 0.000        ; 0.000      ; 2.419      ;
; 2.405 ; delay[24]    ; delay[24]    ; clock        ; clock       ; 0.000        ; 0.000      ; 2.420      ;
; 2.406 ; delay[11]    ; active       ; clock        ; clock       ; 0.000        ; 0.000      ; 2.421      ;
; 2.407 ; delay[11]    ; delay[12]    ; clock        ; clock       ; 0.000        ; 0.000      ; 2.422      ;
; 2.408 ; delay[14]    ; delay[14]    ; clock        ; clock       ; 0.000        ; 0.000      ; 2.423      ;
; 2.409 ; cursor[1]    ; status.00    ; clock        ; clock       ; 0.000        ; 0.000      ; 2.424      ;
; 2.409 ; delay[1]     ; delay[3]     ; clock        ; clock       ; 0.000        ; 0.000      ; 2.424      ;
; 2.410 ; delay[16]    ; delay[18]    ; clock        ; clock       ; 0.000        ; 0.000      ; 2.425      ;
; 2.411 ; baudrate[5]  ; baudrate[5]  ; clock        ; clock       ; 0.000        ; 0.000      ; 2.426      ;
; 2.412 ; index[4]     ; status.10    ; clock        ; clock       ; 0.000        ; 0.000      ; 2.427      ;
; 2.412 ; cursor[17]   ; cursor[3]    ; clock        ; clock       ; 0.000        ; 0.000      ; 2.427      ;
; 2.413 ; delay[16]    ; delay[17]    ; clock        ; clock       ; 0.000        ; 0.000      ; 2.428      ;
; 2.417 ; delay[29]    ; delay[29]    ; clock        ; clock       ; 0.000        ; 0.000      ; 2.432      ;
; 2.419 ; cursor[1]    ; cursor[1]    ; clock        ; clock       ; 0.000        ; 0.000      ; 2.434      ;
; 2.459 ; delay[27]    ; delay[30]    ; clock        ; clock       ; 0.000        ; 0.000      ; 2.474      ;
; 2.468 ; cursor[3]    ; status.00    ; clock        ; clock       ; 0.000        ; 0.000      ; 2.483      ;
; 2.474 ; cursor[7]    ; cursor[3]    ; clock        ; clock       ; 0.000        ; 0.000      ; 2.489      ;
; 2.498 ; index[3]     ; index[3]     ; clock        ; clock       ; 0.000        ; 0.000      ; 2.513      ;
; 2.512 ; delay[1]     ; delay[2]     ; clock        ; clock       ; 0.000        ; 0.000      ; 2.527      ;
; 2.544 ; baudrate[10] ; baudrate[10] ; clock        ; clock       ; 0.000        ; 0.000      ; 2.559      ;
; 2.547 ; delay[22]    ; delay[22]    ; clock        ; clock       ; 0.000        ; 0.000      ; 2.562      ;
; 2.557 ; delay[13]    ; delay[10]    ; clock        ; clock       ; 0.000        ; 0.000      ; 2.572      ;
+-------+--------------+--------------+--------------+-------------+--------------+------------+------------+


+---------------------------------------------------------------------------------------------------------+
; Recovery: 'clock'                                                                                       ;
+--------+-----------+--------------+--------------+-------------+--------------+------------+------------+
; Slack  ; From Node ; To Node      ; Launch Clock ; Latch Clock ; Relationship ; Clock Skew ; Data Delay ;
+--------+-----------+--------------+--------------+-------------+--------------+------------+------------+
; -3.899 ; active    ; baudrate[30] ; clock        ; clock       ; 1.000        ; 0.042      ; 4.904      ;
; -3.899 ; active    ; baudrate[29] ; clock        ; clock       ; 1.000        ; 0.042      ; 4.904      ;
; -3.899 ; active    ; baudrate[28] ; clock        ; clock       ; 1.000        ; 0.042      ; 4.904      ;
; -3.899 ; active    ; baudrate[31] ; clock        ; clock       ; 1.000        ; 0.042      ; 4.904      ;
; -3.899 ; active    ; baudrate[26] ; clock        ; clock       ; 1.000        ; 0.042      ; 4.904      ;
; -3.899 ; active    ; baudrate[25] ; clock        ; clock       ; 1.000        ; 0.042      ; 4.904      ;
; -3.899 ; active    ; baudrate[24] ; clock        ; clock       ; 1.000        ; 0.042      ; 4.904      ;
; -3.899 ; active    ; baudrate[27] ; clock        ; clock       ; 1.000        ; 0.042      ; 4.904      ;
; -3.899 ; active    ; baudrate[22] ; clock        ; clock       ; 1.000        ; 0.042      ; 4.904      ;
; -3.899 ; active    ; baudrate[21] ; clock        ; clock       ; 1.000        ; 0.042      ; 4.904      ;
; -3.899 ; active    ; baudrate[20] ; clock        ; clock       ; 1.000        ; 0.042      ; 4.904      ;
; -3.899 ; active    ; baudrate[23] ; clock        ; clock       ; 1.000        ; 0.042      ; 4.904      ;
; -3.899 ; active    ; baudrate[18] ; clock        ; clock       ; 1.000        ; 0.042      ; 4.904      ;
; -3.899 ; active    ; baudrate[17] ; clock        ; clock       ; 1.000        ; 0.042      ; 4.904      ;
; -3.899 ; active    ; baudrate[16] ; clock        ; clock       ; 1.000        ; 0.042      ; 4.904      ;
; -3.899 ; active    ; baudrate[19] ; clock        ; clock       ; 1.000        ; 0.042      ; 4.904      ;
; -3.899 ; active    ; baudrate[14] ; clock        ; clock       ; 1.000        ; 0.042      ; 4.904      ;
; -3.899 ; active    ; baudrate[15] ; clock        ; clock       ; 1.000        ; 0.042      ; 4.904      ;
; -3.899 ; active    ; baudrate[12] ; clock        ; clock       ; 1.000        ; 0.042      ; 4.904      ;
; -3.899 ; active    ; baudrate[9]  ; clock        ; clock       ; 1.000        ; 0.042      ; 4.904      ;
; -3.899 ; active    ; baudrate[8]  ; clock        ; clock       ; 1.000        ; 0.042      ; 4.904      ;
; -3.899 ; active    ; baudrate[10] ; clock        ; clock       ; 1.000        ; 0.042      ; 4.904      ;
; -3.899 ; active    ; baudrate[11] ; clock        ; clock       ; 1.000        ; 0.042      ; 4.904      ;
; -3.899 ; active    ; baudrate[13] ; clock        ; clock       ; 1.000        ; 0.042      ; 4.904      ;
; -3.899 ; active    ; baudrate[7]  ; clock        ; clock       ; 1.000        ; 0.042      ; 4.904      ;
; -3.899 ; active    ; baudrate[5]  ; clock        ; clock       ; 1.000        ; 0.042      ; 4.904      ;
; -3.899 ; active    ; baudrate[4]  ; clock        ; clock       ; 1.000        ; 0.042      ; 4.904      ;
; -3.899 ; active    ; baudrate[6]  ; clock        ; clock       ; 1.000        ; 0.042      ; 4.904      ;
; -3.899 ; active    ; baudrate[3]  ; clock        ; clock       ; 1.000        ; 0.042      ; 4.904      ;
; -3.899 ; active    ; baudrate[1]  ; clock        ; clock       ; 1.000        ; 0.042      ; 4.904      ;
; -3.899 ; active    ; baudrate[0]  ; clock        ; clock       ; 1.000        ; 0.042      ; 4.904      ;
; -3.899 ; active    ; baudrate[2]  ; clock        ; clock       ; 1.000        ; 0.042      ; 4.904      ;
; -3.899 ; active    ; status.11    ; clock        ; clock       ; 1.000        ; 0.042      ; 4.904      ;
; -3.899 ; active    ; cursor[1]    ; clock        ; clock       ; 1.000        ; 0.042      ; 4.904      ;
; -3.899 ; active    ; index[3]     ; clock        ; clock       ; 1.000        ; 0.042      ; 4.904      ;
; -3.899 ; active    ; index[1]     ; clock        ; clock       ; 1.000        ; 0.042      ; 4.904      ;
; -3.899 ; active    ; cursor[0]    ; clock        ; clock       ; 1.000        ; 0.042      ; 4.904      ;
; -3.899 ; active    ; cursor[3]    ; clock        ; clock       ; 1.000        ; 0.042      ; 4.904      ;
; -3.899 ; active    ; cursor[2]    ; clock        ; clock       ; 1.000        ; 0.042      ; 4.904      ;
; -3.899 ; active    ; index[2]     ; clock        ; clock       ; 1.000        ; 0.042      ; 4.904      ;
; -3.899 ; active    ; index[0]     ; clock        ; clock       ; 1.000        ; 0.042      ; 4.904      ;
; -3.899 ; active    ; status.00    ; clock        ; clock       ; 1.000        ; 0.042      ; 4.904      ;
; -3.899 ; active    ; status.10    ; clock        ; clock       ; 1.000        ; 0.042      ; 4.904      ;
; -3.899 ; active    ; index[6]     ; clock        ; clock       ; 1.000        ; 0.042      ; 4.904      ;
; -3.899 ; active    ; index[5]     ; clock        ; clock       ; 1.000        ; 0.042      ; 4.904      ;
; -3.899 ; active    ; index[4]     ; clock        ; clock       ; 1.000        ; 0.042      ; 4.904      ;
; -3.899 ; active    ; status.01    ; clock        ; clock       ; 1.000        ; 0.042      ; 4.904      ;
; -3.899 ; active    ; cursor[30]   ; clock        ; clock       ; 1.000        ; 0.042      ; 4.904      ;
; -3.899 ; active    ; cursor[29]   ; clock        ; clock       ; 1.000        ; 0.042      ; 4.904      ;
; -3.899 ; active    ; cursor[28]   ; clock        ; clock       ; 1.000        ; 0.042      ; 4.904      ;
; -3.899 ; active    ; cursor[31]   ; clock        ; clock       ; 1.000        ; 0.042      ; 4.904      ;
; -3.899 ; active    ; cursor[26]   ; clock        ; clock       ; 1.000        ; 0.042      ; 4.904      ;
; -3.899 ; active    ; cursor[25]   ; clock        ; clock       ; 1.000        ; 0.042      ; 4.904      ;
; -3.899 ; active    ; cursor[24]   ; clock        ; clock       ; 1.000        ; 0.042      ; 4.904      ;
; -3.899 ; active    ; cursor[27]   ; clock        ; clock       ; 1.000        ; 0.042      ; 4.904      ;
; -3.899 ; active    ; cursor[22]   ; clock        ; clock       ; 1.000        ; 0.042      ; 4.904      ;
; -3.899 ; active    ; cursor[21]   ; clock        ; clock       ; 1.000        ; 0.042      ; 4.904      ;
; -3.899 ; active    ; cursor[20]   ; clock        ; clock       ; 1.000        ; 0.042      ; 4.904      ;
; -3.899 ; active    ; cursor[23]   ; clock        ; clock       ; 1.000        ; 0.042      ; 4.904      ;
; -3.899 ; active    ; cursor[18]   ; clock        ; clock       ; 1.000        ; 0.042      ; 4.904      ;
; -3.899 ; active    ; cursor[17]   ; clock        ; clock       ; 1.000        ; 0.042      ; 4.904      ;
; -3.899 ; active    ; cursor[16]   ; clock        ; clock       ; 1.000        ; 0.042      ; 4.904      ;
; -3.899 ; active    ; cursor[19]   ; clock        ; clock       ; 1.000        ; 0.042      ; 4.904      ;
; -3.899 ; active    ; cursor[14]   ; clock        ; clock       ; 1.000        ; 0.042      ; 4.904      ;
; -3.899 ; active    ; cursor[13]   ; clock        ; clock       ; 1.000        ; 0.042      ; 4.904      ;
; -3.899 ; active    ; cursor[12]   ; clock        ; clock       ; 1.000        ; 0.042      ; 4.904      ;
; -3.899 ; active    ; cursor[15]   ; clock        ; clock       ; 1.000        ; 0.042      ; 4.904      ;
; -3.899 ; active    ; cursor[10]   ; clock        ; clock       ; 1.000        ; 0.042      ; 4.904      ;
; -3.899 ; active    ; cursor[9]    ; clock        ; clock       ; 1.000        ; 0.042      ; 4.904      ;
; -3.899 ; active    ; cursor[8]    ; clock        ; clock       ; 1.000        ; 0.042      ; 4.904      ;
; -3.899 ; active    ; cursor[11]   ; clock        ; clock       ; 1.000        ; 0.042      ; 4.904      ;
; -3.899 ; active    ; cursor[6]    ; clock        ; clock       ; 1.000        ; 0.042      ; 4.904      ;
; -3.899 ; active    ; cursor[7]    ; clock        ; clock       ; 1.000        ; 0.042      ; 4.904      ;
; -3.899 ; active    ; cursor[4]    ; clock        ; clock       ; 1.000        ; 0.042      ; 4.904      ;
; -3.899 ; active    ; cursor[5]    ; clock        ; clock       ; 1.000        ; 0.042      ; 4.904      ;
+--------+-----------+--------------+--------------+-------------+--------------+------------+------------+


+--------------------------------------------------------------------------------------------------------+
; Removal: 'clock'                                                                                       ;
+-------+-----------+--------------+--------------+-------------+--------------+------------+------------+
; Slack ; From Node ; To Node      ; Launch Clock ; Latch Clock ; Relationship ; Clock Skew ; Data Delay ;
+-------+-----------+--------------+--------------+-------------+--------------+------------+------------+
; 4.847 ; active    ; baudrate[30] ; clock        ; clock       ; 0.000        ; 0.042      ; 4.904      ;
; 4.847 ; active    ; baudrate[29] ; clock        ; clock       ; 0.000        ; 0.042      ; 4.904      ;
; 4.847 ; active    ; baudrate[28] ; clock        ; clock       ; 0.000        ; 0.042      ; 4.904      ;
; 4.847 ; active    ; baudrate[31] ; clock        ; clock       ; 0.000        ; 0.042      ; 4.904      ;
; 4.847 ; active    ; baudrate[26] ; clock        ; clock       ; 0.000        ; 0.042      ; 4.904      ;
; 4.847 ; active    ; baudrate[25] ; clock        ; clock       ; 0.000        ; 0.042      ; 4.904      ;
; 4.847 ; active    ; baudrate[24] ; clock        ; clock       ; 0.000        ; 0.042      ; 4.904      ;
; 4.847 ; active    ; baudrate[27] ; clock        ; clock       ; 0.000        ; 0.042      ; 4.904      ;
; 4.847 ; active    ; baudrate[22] ; clock        ; clock       ; 0.000        ; 0.042      ; 4.904      ;
; 4.847 ; active    ; baudrate[21] ; clock        ; clock       ; 0.000        ; 0.042      ; 4.904      ;
; 4.847 ; active    ; baudrate[20] ; clock        ; clock       ; 0.000        ; 0.042      ; 4.904      ;
; 4.847 ; active    ; baudrate[23] ; clock        ; clock       ; 0.000        ; 0.042      ; 4.904      ;
; 4.847 ; active    ; baudrate[18] ; clock        ; clock       ; 0.000        ; 0.042      ; 4.904      ;
; 4.847 ; active    ; baudrate[17] ; clock        ; clock       ; 0.000        ; 0.042      ; 4.904      ;
; 4.847 ; active    ; baudrate[16] ; clock        ; clock       ; 0.000        ; 0.042      ; 4.904      ;
; 4.847 ; active    ; baudrate[19] ; clock        ; clock       ; 0.000        ; 0.042      ; 4.904      ;
; 4.847 ; active    ; baudrate[14] ; clock        ; clock       ; 0.000        ; 0.042      ; 4.904      ;
; 4.847 ; active    ; baudrate[15] ; clock        ; clock       ; 0.000        ; 0.042      ; 4.904      ;
; 4.847 ; active    ; baudrate[12] ; clock        ; clock       ; 0.000        ; 0.042      ; 4.904      ;
; 4.847 ; active    ; baudrate[9]  ; clock        ; clock       ; 0.000        ; 0.042      ; 4.904      ;
; 4.847 ; active    ; baudrate[8]  ; clock        ; clock       ; 0.000        ; 0.042      ; 4.904      ;
; 4.847 ; active    ; baudrate[10] ; clock        ; clock       ; 0.000        ; 0.042      ; 4.904      ;
; 4.847 ; active    ; baudrate[11] ; clock        ; clock       ; 0.000        ; 0.042      ; 4.904      ;
; 4.847 ; active    ; baudrate[13] ; clock        ; clock       ; 0.000        ; 0.042      ; 4.904      ;
; 4.847 ; active    ; baudrate[7]  ; clock        ; clock       ; 0.000        ; 0.042      ; 4.904      ;
; 4.847 ; active    ; baudrate[5]  ; clock        ; clock       ; 0.000        ; 0.042      ; 4.904      ;
; 4.847 ; active    ; baudrate[4]  ; clock        ; clock       ; 0.000        ; 0.042      ; 4.904      ;
; 4.847 ; active    ; baudrate[6]  ; clock        ; clock       ; 0.000        ; 0.042      ; 4.904      ;
; 4.847 ; active    ; baudrate[3]  ; clock        ; clock       ; 0.000        ; 0.042      ; 4.904      ;
; 4.847 ; active    ; baudrate[1]  ; clock        ; clock       ; 0.000        ; 0.042      ; 4.904      ;
; 4.847 ; active    ; baudrate[0]  ; clock        ; clock       ; 0.000        ; 0.042      ; 4.904      ;
; 4.847 ; active    ; baudrate[2]  ; clock        ; clock       ; 0.000        ; 0.042      ; 4.904      ;
; 4.847 ; active    ; status.11    ; clock        ; clock       ; 0.000        ; 0.042      ; 4.904      ;
; 4.847 ; active    ; cursor[1]    ; clock        ; clock       ; 0.000        ; 0.042      ; 4.904      ;
; 4.847 ; active    ; index[3]     ; clock        ; clock       ; 0.000        ; 0.042      ; 4.904      ;
; 4.847 ; active    ; index[1]     ; clock        ; clock       ; 0.000        ; 0.042      ; 4.904      ;
; 4.847 ; active    ; cursor[0]    ; clock        ; clock       ; 0.000        ; 0.042      ; 4.904      ;
; 4.847 ; active    ; cursor[3]    ; clock        ; clock       ; 0.000        ; 0.042      ; 4.904      ;
; 4.847 ; active    ; cursor[2]    ; clock        ; clock       ; 0.000        ; 0.042      ; 4.904      ;
; 4.847 ; active    ; index[2]     ; clock        ; clock       ; 0.000        ; 0.042      ; 4.904      ;
; 4.847 ; active    ; index[0]     ; clock        ; clock       ; 0.000        ; 0.042      ; 4.904      ;
; 4.847 ; active    ; status.00    ; clock        ; clock       ; 0.000        ; 0.042      ; 4.904      ;
; 4.847 ; active    ; status.10    ; clock        ; clock       ; 0.000        ; 0.042      ; 4.904      ;
; 4.847 ; active    ; index[6]     ; clock        ; clock       ; 0.000        ; 0.042      ; 4.904      ;
; 4.847 ; active    ; index[5]     ; clock        ; clock       ; 0.000        ; 0.042      ; 4.904      ;
; 4.847 ; active    ; index[4]     ; clock        ; clock       ; 0.000        ; 0.042      ; 4.904      ;
; 4.847 ; active    ; status.01    ; clock        ; clock       ; 0.000        ; 0.042      ; 4.904      ;
; 4.847 ; active    ; cursor[30]   ; clock        ; clock       ; 0.000        ; 0.042      ; 4.904      ;
; 4.847 ; active    ; cursor[29]   ; clock        ; clock       ; 0.000        ; 0.042      ; 4.904      ;
; 4.847 ; active    ; cursor[28]   ; clock        ; clock       ; 0.000        ; 0.042      ; 4.904      ;
; 4.847 ; active    ; cursor[31]   ; clock        ; clock       ; 0.000        ; 0.042      ; 4.904      ;
; 4.847 ; active    ; cursor[26]   ; clock        ; clock       ; 0.000        ; 0.042      ; 4.904      ;
; 4.847 ; active    ; cursor[25]   ; clock        ; clock       ; 0.000        ; 0.042      ; 4.904      ;
; 4.847 ; active    ; cursor[24]   ; clock        ; clock       ; 0.000        ; 0.042      ; 4.904      ;
; 4.847 ; active    ; cursor[27]   ; clock        ; clock       ; 0.000        ; 0.042      ; 4.904      ;
; 4.847 ; active    ; cursor[22]   ; clock        ; clock       ; 0.000        ; 0.042      ; 4.904      ;
; 4.847 ; active    ; cursor[21]   ; clock        ; clock       ; 0.000        ; 0.042      ; 4.904      ;
; 4.847 ; active    ; cursor[20]   ; clock        ; clock       ; 0.000        ; 0.042      ; 4.904      ;
; 4.847 ; active    ; cursor[23]   ; clock        ; clock       ; 0.000        ; 0.042      ; 4.904      ;
; 4.847 ; active    ; cursor[18]   ; clock        ; clock       ; 0.000        ; 0.042      ; 4.904      ;
; 4.847 ; active    ; cursor[17]   ; clock        ; clock       ; 0.000        ; 0.042      ; 4.904      ;
; 4.847 ; active    ; cursor[16]   ; clock        ; clock       ; 0.000        ; 0.042      ; 4.904      ;
; 4.847 ; active    ; cursor[19]   ; clock        ; clock       ; 0.000        ; 0.042      ; 4.904      ;
; 4.847 ; active    ; cursor[14]   ; clock        ; clock       ; 0.000        ; 0.042      ; 4.904      ;
; 4.847 ; active    ; cursor[13]   ; clock        ; clock       ; 0.000        ; 0.042      ; 4.904      ;
; 4.847 ; active    ; cursor[12]   ; clock        ; clock       ; 0.000        ; 0.042      ; 4.904      ;
; 4.847 ; active    ; cursor[15]   ; clock        ; clock       ; 0.000        ; 0.042      ; 4.904      ;
; 4.847 ; active    ; cursor[10]   ; clock        ; clock       ; 0.000        ; 0.042      ; 4.904      ;
; 4.847 ; active    ; cursor[9]    ; clock        ; clock       ; 0.000        ; 0.042      ; 4.904      ;
; 4.847 ; active    ; cursor[8]    ; clock        ; clock       ; 0.000        ; 0.042      ; 4.904      ;
; 4.847 ; active    ; cursor[11]   ; clock        ; clock       ; 0.000        ; 0.042      ; 4.904      ;
; 4.847 ; active    ; cursor[6]    ; clock        ; clock       ; 0.000        ; 0.042      ; 4.904      ;
; 4.847 ; active    ; cursor[7]    ; clock        ; clock       ; 0.000        ; 0.042      ; 4.904      ;
; 4.847 ; active    ; cursor[4]    ; clock        ; clock       ; 0.000        ; 0.042      ; 4.904      ;
; 4.847 ; active    ; cursor[5]    ; clock        ; clock       ; 0.000        ; 0.042      ; 4.904      ;
+-------+-----------+--------------+--------------+-------------+--------------+------------+------------+


+-----------------------------------------------------------------------------------------------+
; Minimum Pulse Width: 'clock'                                                                  ;
+--------+--------------+----------------+------------------+-------+------------+--------------+
; Slack  ; Actual Width ; Required Width ; Type             ; Clock ; Clock Edge ; Target       ;
+--------+--------------+----------------+------------------+-------+------------+--------------+
; -1.583 ; 1.000        ; 2.583          ; Port Rate        ; clock ; Rise       ; clock        ;
; -1.318 ; 0.500        ; 1.818          ; High Pulse Width ; clock ; Rise       ; active       ;
; -1.318 ; 0.500        ; 1.818          ; Low Pulse Width  ; clock ; Rise       ; active       ;
; -1.318 ; 0.500        ; 1.818          ; High Pulse Width ; clock ; Rise       ; baudrate[0]  ;
; -1.318 ; 0.500        ; 1.818          ; Low Pulse Width  ; clock ; Rise       ; baudrate[0]  ;
; -1.318 ; 0.500        ; 1.818          ; High Pulse Width ; clock ; Rise       ; baudrate[10] ;
; -1.318 ; 0.500        ; 1.818          ; Low Pulse Width  ; clock ; Rise       ; baudrate[10] ;
; -1.318 ; 0.500        ; 1.818          ; High Pulse Width ; clock ; Rise       ; baudrate[11] ;
; -1.318 ; 0.500        ; 1.818          ; Low Pulse Width  ; clock ; Rise       ; baudrate[11] ;
; -1.318 ; 0.500        ; 1.818          ; High Pulse Width ; clock ; Rise       ; baudrate[12] ;
; -1.318 ; 0.500        ; 1.818          ; Low Pulse Width  ; clock ; Rise       ; baudrate[12] ;
; -1.318 ; 0.500        ; 1.818          ; High Pulse Width ; clock ; Rise       ; baudrate[13] ;
; -1.318 ; 0.500        ; 1.818          ; Low Pulse Width  ; clock ; Rise       ; baudrate[13] ;
; -1.318 ; 0.500        ; 1.818          ; High Pulse Width ; clock ; Rise       ; baudrate[14] ;
; -1.318 ; 0.500        ; 1.818          ; Low Pulse Width  ; clock ; Rise       ; baudrate[14] ;
; -1.318 ; 0.500        ; 1.818          ; High Pulse Width ; clock ; Rise       ; baudrate[15] ;
; -1.318 ; 0.500        ; 1.818          ; Low Pulse Width  ; clock ; Rise       ; baudrate[15] ;
; -1.318 ; 0.500        ; 1.818          ; High Pulse Width ; clock ; Rise       ; baudrate[16] ;
; -1.318 ; 0.500        ; 1.818          ; Low Pulse Width  ; clock ; Rise       ; baudrate[16] ;
; -1.318 ; 0.500        ; 1.818          ; High Pulse Width ; clock ; Rise       ; baudrate[17] ;
; -1.318 ; 0.500        ; 1.818          ; Low Pulse Width  ; clock ; Rise       ; baudrate[17] ;
; -1.318 ; 0.500        ; 1.818          ; High Pulse Width ; clock ; Rise       ; baudrate[18] ;
; -1.318 ; 0.500        ; 1.818          ; Low Pulse Width  ; clock ; Rise       ; baudrate[18] ;
; -1.318 ; 0.500        ; 1.818          ; High Pulse Width ; clock ; Rise       ; baudrate[19] ;
; -1.318 ; 0.500        ; 1.818          ; Low Pulse Width  ; clock ; Rise       ; baudrate[19] ;
; -1.318 ; 0.500        ; 1.818          ; High Pulse Width ; clock ; Rise       ; baudrate[1]  ;
; -1.318 ; 0.500        ; 1.818          ; Low Pulse Width  ; clock ; Rise       ; baudrate[1]  ;
; -1.318 ; 0.500        ; 1.818          ; High Pulse Width ; clock ; Rise       ; baudrate[20] ;
; -1.318 ; 0.500        ; 1.818          ; Low Pulse Width  ; clock ; Rise       ; baudrate[20] ;
; -1.318 ; 0.500        ; 1.818          ; High Pulse Width ; clock ; Rise       ; baudrate[21] ;
; -1.318 ; 0.500        ; 1.818          ; Low Pulse Width  ; clock ; Rise       ; baudrate[21] ;
; -1.318 ; 0.500        ; 1.818          ; High Pulse Width ; clock ; Rise       ; baudrate[22] ;
; -1.318 ; 0.500        ; 1.818          ; Low Pulse Width  ; clock ; Rise       ; baudrate[22] ;
; -1.318 ; 0.500        ; 1.818          ; High Pulse Width ; clock ; Rise       ; baudrate[23] ;
; -1.318 ; 0.500        ; 1.818          ; Low Pulse Width  ; clock ; Rise       ; baudrate[23] ;
; -1.318 ; 0.500        ; 1.818          ; High Pulse Width ; clock ; Rise       ; baudrate[24] ;
; -1.318 ; 0.500        ; 1.818          ; Low Pulse Width  ; clock ; Rise       ; baudrate[24] ;
; -1.318 ; 0.500        ; 1.818          ; High Pulse Width ; clock ; Rise       ; baudrate[25] ;
; -1.318 ; 0.500        ; 1.818          ; Low Pulse Width  ; clock ; Rise       ; baudrate[25] ;
; -1.318 ; 0.500        ; 1.818          ; High Pulse Width ; clock ; Rise       ; baudrate[26] ;
; -1.318 ; 0.500        ; 1.818          ; Low Pulse Width  ; clock ; Rise       ; baudrate[26] ;
; -1.318 ; 0.500        ; 1.818          ; High Pulse Width ; clock ; Rise       ; baudrate[27] ;
; -1.318 ; 0.500        ; 1.818          ; Low Pulse Width  ; clock ; Rise       ; baudrate[27] ;
; -1.318 ; 0.500        ; 1.818          ; High Pulse Width ; clock ; Rise       ; baudrate[28] ;
; -1.318 ; 0.500        ; 1.818          ; Low Pulse Width  ; clock ; Rise       ; baudrate[28] ;
; -1.318 ; 0.500        ; 1.818          ; High Pulse Width ; clock ; Rise       ; baudrate[29] ;
; -1.318 ; 0.500        ; 1.818          ; Low Pulse Width  ; clock ; Rise       ; baudrate[29] ;
; -1.318 ; 0.500        ; 1.818          ; High Pulse Width ; clock ; Rise       ; baudrate[2]  ;
; -1.318 ; 0.500        ; 1.818          ; Low Pulse Width  ; clock ; Rise       ; baudrate[2]  ;
; -1.318 ; 0.500        ; 1.818          ; High Pulse Width ; clock ; Rise       ; baudrate[30] ;
; -1.318 ; 0.500        ; 1.818          ; Low Pulse Width  ; clock ; Rise       ; baudrate[30] ;
; -1.318 ; 0.500        ; 1.818          ; High Pulse Width ; clock ; Rise       ; baudrate[31] ;
; -1.318 ; 0.500        ; 1.818          ; Low Pulse Width  ; clock ; Rise       ; baudrate[31] ;
; -1.318 ; 0.500        ; 1.818          ; High Pulse Width ; clock ; Rise       ; baudrate[3]  ;
; -1.318 ; 0.500        ; 1.818          ; Low Pulse Width  ; clock ; Rise       ; baudrate[3]  ;
; -1.318 ; 0.500        ; 1.818          ; High Pulse Width ; clock ; Rise       ; baudrate[4]  ;
; -1.318 ; 0.500        ; 1.818          ; Low Pulse Width  ; clock ; Rise       ; baudrate[4]  ;
; -1.318 ; 0.500        ; 1.818          ; High Pulse Width ; clock ; Rise       ; baudrate[5]  ;
; -1.318 ; 0.500        ; 1.818          ; Low Pulse Width  ; clock ; Rise       ; baudrate[5]  ;
; -1.318 ; 0.500        ; 1.818          ; High Pulse Width ; clock ; Rise       ; baudrate[6]  ;
; -1.318 ; 0.500        ; 1.818          ; Low Pulse Width  ; clock ; Rise       ; baudrate[6]  ;
; -1.318 ; 0.500        ; 1.818          ; High Pulse Width ; clock ; Rise       ; baudrate[7]  ;
; -1.318 ; 0.500        ; 1.818          ; Low Pulse Width  ; clock ; Rise       ; baudrate[7]  ;
; -1.318 ; 0.500        ; 1.818          ; High Pulse Width ; clock ; Rise       ; baudrate[8]  ;
; -1.318 ; 0.500        ; 1.818          ; Low Pulse Width  ; clock ; Rise       ; baudrate[8]  ;
; -1.318 ; 0.500        ; 1.818          ; High Pulse Width ; clock ; Rise       ; baudrate[9]  ;
; -1.318 ; 0.500        ; 1.818          ; Low Pulse Width  ; clock ; Rise       ; baudrate[9]  ;
; -1.318 ; 0.500        ; 1.818          ; High Pulse Width ; clock ; Rise       ; cursor[0]    ;
; -1.318 ; 0.500        ; 1.818          ; Low Pulse Width  ; clock ; Rise       ; cursor[0]    ;
; -1.318 ; 0.500        ; 1.818          ; High Pulse Width ; clock ; Rise       ; cursor[10]   ;
; -1.318 ; 0.500        ; 1.818          ; Low Pulse Width  ; clock ; Rise       ; cursor[10]   ;
; -1.318 ; 0.500        ; 1.818          ; High Pulse Width ; clock ; Rise       ; cursor[11]   ;
; -1.318 ; 0.500        ; 1.818          ; Low Pulse Width  ; clock ; Rise       ; cursor[11]   ;
; -1.318 ; 0.500        ; 1.818          ; High Pulse Width ; clock ; Rise       ; cursor[12]   ;
; -1.318 ; 0.500        ; 1.818          ; Low Pulse Width  ; clock ; Rise       ; cursor[12]   ;
; -1.318 ; 0.500        ; 1.818          ; High Pulse Width ; clock ; Rise       ; cursor[13]   ;
; -1.318 ; 0.500        ; 1.818          ; Low Pulse Width  ; clock ; Rise       ; cursor[13]   ;
; -1.318 ; 0.500        ; 1.818          ; High Pulse Width ; clock ; Rise       ; cursor[14]   ;
; -1.318 ; 0.500        ; 1.818          ; Low Pulse Width  ; clock ; Rise       ; cursor[14]   ;
; -1.318 ; 0.500        ; 1.818          ; High Pulse Width ; clock ; Rise       ; cursor[15]   ;
; -1.318 ; 0.500        ; 1.818          ; Low Pulse Width  ; clock ; Rise       ; cursor[15]   ;
; -1.318 ; 0.500        ; 1.818          ; High Pulse Width ; clock ; Rise       ; cursor[16]   ;
; -1.318 ; 0.500        ; 1.818          ; Low Pulse Width  ; clock ; Rise       ; cursor[16]   ;
; -1.318 ; 0.500        ; 1.818          ; High Pulse Width ; clock ; Rise       ; cursor[17]   ;
; -1.318 ; 0.500        ; 1.818          ; Low Pulse Width  ; clock ; Rise       ; cursor[17]   ;
; -1.318 ; 0.500        ; 1.818          ; High Pulse Width ; clock ; Rise       ; cursor[18]   ;
; -1.318 ; 0.500        ; 1.818          ; Low Pulse Width  ; clock ; Rise       ; cursor[18]   ;
; -1.318 ; 0.500        ; 1.818          ; High Pulse Width ; clock ; Rise       ; cursor[19]   ;
; -1.318 ; 0.500        ; 1.818          ; Low Pulse Width  ; clock ; Rise       ; cursor[19]   ;
; -1.318 ; 0.500        ; 1.818          ; High Pulse Width ; clock ; Rise       ; cursor[1]    ;
; -1.318 ; 0.500        ; 1.818          ; Low Pulse Width  ; clock ; Rise       ; cursor[1]    ;
; -1.318 ; 0.500        ; 1.818          ; High Pulse Width ; clock ; Rise       ; cursor[20]   ;
; -1.318 ; 0.500        ; 1.818          ; Low Pulse Width  ; clock ; Rise       ; cursor[20]   ;
; -1.318 ; 0.500        ; 1.818          ; High Pulse Width ; clock ; Rise       ; cursor[21]   ;
; -1.318 ; 0.500        ; 1.818          ; Low Pulse Width  ; clock ; Rise       ; cursor[21]   ;
; -1.318 ; 0.500        ; 1.818          ; High Pulse Width ; clock ; Rise       ; cursor[22]   ;
; -1.318 ; 0.500        ; 1.818          ; Low Pulse Width  ; clock ; Rise       ; cursor[22]   ;
; -1.318 ; 0.500        ; 1.818          ; High Pulse Width ; clock ; Rise       ; cursor[23]   ;
; -1.318 ; 0.500        ; 1.818          ; Low Pulse Width  ; clock ; Rise       ; cursor[23]   ;
; -1.318 ; 0.500        ; 1.818          ; High Pulse Width ; clock ; Rise       ; cursor[24]   ;
+--------+--------------+----------------+------------------+-------+------------+--------------+


+-----------------------------------------------------------------------+
; Clock to Output Times                                                 ;
+-----------+------------+-------+-------+------------+-----------------+
; Data Port ; Clock Port ; Rise  ; Fall  ; Clock Edge ; Clock Reference ;
+-----------+------------+-------+-------+------------+-----------------+
; tx        ; clock      ; 7.708 ; 7.708 ; Rise       ; clock           ;
+-----------+------------+-------+-------+------------+-----------------+


+-----------------------------------------------------------------------+
; Minimum Clock to Output Times                                         ;
+-----------+------------+-------+-------+------------+-----------------+
; Data Port ; Clock Port ; Rise  ; Fall  ; Clock Edge ; Clock Reference ;
+-----------+------------+-------+-------+------------+-----------------+
; tx        ; clock      ; 7.708 ; 7.708 ; Rise       ; clock           ;
+-----------+------------+-------+-------+------------+-----------------+


+-------------------------------------------------------------------+
; Setup Transfers                                                   ;
+------------+----------+----------+----------+----------+----------+
; From Clock ; To Clock ; RR Paths ; FR Paths ; RF Paths ; FF Paths ;
+------------+----------+----------+----------+----------+----------+
; clock      ; clock    ; 5231     ; 0        ; 0        ; 0        ;
+------------+----------+----------+----------+----------+----------+
Entries labeled "false path" only account for clock-to-clock false paths and not path-based false paths. As a result, actual path counts may be lower than reported.


+-------------------------------------------------------------------+
; Hold Transfers                                                    ;
+------------+----------+----------+----------+----------+----------+
; From Clock ; To Clock ; RR Paths ; FR Paths ; RF Paths ; FF Paths ;
+------------+----------+----------+----------+----------+----------+
; clock      ; clock    ; 5231     ; 0        ; 0        ; 0        ;
+------------+----------+----------+----------+----------+----------+
Entries labeled "false path" only account for clock-to-clock false paths and not path-based false paths. As a result, actual path counts may be lower than reported.


+-------------------------------------------------------------------+
; Recovery Transfers                                                ;
+------------+----------+----------+----------+----------+----------+
; From Clock ; To Clock ; RR Paths ; FR Paths ; RF Paths ; FF Paths ;
+------------+----------+----------+----------+----------+----------+
; clock      ; clock    ; 75       ; 0        ; 0        ; 0        ;
+------------+----------+----------+----------+----------+----------+
Entries labeled "false path" only account for clock-to-clock false paths and not path-based false paths. As a result, actual path counts may be lower than reported.


+-------------------------------------------------------------------+
; Removal Transfers                                                 ;
+------------+----------+----------+----------+----------+----------+
; From Clock ; To Clock ; RR Paths ; FR Paths ; RF Paths ; FF Paths ;
+------------+----------+----------+----------+----------+----------+
; clock      ; clock    ; 75       ; 0        ; 0        ; 0        ;
+------------+----------+----------+----------+----------+----------+
Entries labeled "false path" only account for clock-to-clock false paths and not path-based false paths. As a result, actual path counts may be lower than reported.


---------------
; Report TCCS ;
---------------
No dedicated SERDES Transmitter circuitry present in device or used in design


---------------
; Report RSKM ;
---------------
No dedicated SERDES Receiver circuitry present in device or used in design


+------------------------------------------------+
; Unconstrained Paths                            ;
+---------------------------------+-------+------+
; Property                        ; Setup ; Hold ;
+---------------------------------+-------+------+
; Illegal Clocks                  ; 0     ; 0    ;
; Unconstrained Clocks            ; 0     ; 0    ;
; Unconstrained Input Ports       ; 1     ; 1    ;
; Unconstrained Input Port Paths  ; 33    ; 33   ;
; Unconstrained Output Ports      ; 1     ; 1    ;
; Unconstrained Output Port Paths ; 1     ; 1    ;
+---------------------------------+-------+------+


+------------------------------------+
; TimeQuest Timing Analyzer Messages ;
+------------------------------------+
Info: *******************************************************************
Info: Running Quartus II 32-bit TimeQuest Timing Analyzer
    Info: Version 12.0 Build 178 05/31/2012 SJ Full Version
    Info: Processing started: Fri Sep 22 11:54:03 2017
Info: Command: quartus_sta uart -c uart
Info: qsta_default_script.tcl version: #4
Info (20029): Only one processor detected - disabling parallel compilation
Critical Warning (332012): Synopsys Design Constraints File file not found: 'uart.sdc'. A Synopsys Design Constraints File is required by the TimeQuest Timing Analyzer to get proper timing constraints. Without it, the Compiler will not properly optimize the design.
Info (332142): No user constrained base clocks found in the design. Calling "derive_clocks -period 1.0"
Info (332105): Deriving Clocks
    Info (332105): create_clock -period 1.000 -name clock clock
Info: Found TIMEQUEST_REPORT_SCRIPT_INCLUDE_DEFAULT_ANALYSIS = ON
Critical Warning (332148): Timing requirements not met
Info (332146): Worst-case setup slack is -5.314
    Info (332119):     Slack End Point TNS Clock 
    Info (332119): ========= ============= =====================
    Info (332119):    -5.314      -437.800 clock 
Info (332146): Worst-case hold slack is 1.238
    Info (332119):     Slack End Point TNS Clock 
    Info (332119): ========= ============= =====================
    Info (332119):     1.238         0.000 clock 
Info (332146): Worst-case recovery slack is -3.899
    Info (332119):     Slack End Point TNS Clock 
    Info (332119): ========= ============= =====================
    Info (332119):    -3.899      -292.425 clock 
Info (332146): Worst-case removal slack is 4.847
    Info (332119):     Slack End Point TNS Clock 
    Info (332119): ========= ============= =====================
    Info (332119):     4.847         0.000 clock 
Info (332146): Worst-case minimum pulse width slack is -1.583
    Info (332119):     Slack End Point TNS Clock 
    Info (332119): ========= ============= =====================
    Info (332119):    -1.583      -288.907 clock 
Info (332001): The selected device family is not supported by the report_metastability command.
Info (332102): Design is not fully constrained for setup requirements
Info (332102): Design is not fully constrained for hold requirements
Info: Quartus II 32-bit TimeQuest Timing Analyzer was successful. 0 errors, 2 warnings
    Info: Peak virtual memory: 231 megabytes
    Info: Processing ended: Fri Sep 22 11:54:05 2017
    Info: Elapsed time: 00:00:02
    Info: Total CPU time (on all processors): 00:00:01


